Microchip MPLAB XC8 Compiler V2.10 ()

Linker command line:

-W-3 --edf=C:\Program Files (x86)\Microchip\xc8\v2.10\pic\dat\en_msgs.txt \
  -cs -h+dist/default/production\teste3.X.production.sym \
  --cmf=dist/default/production\teste3.X.production.cmf -z -Q18F4550 \
  -oC:\Users\utfprpg\AppData\Local\Temp\s5do.2 --defsym=__MPLAB_BUILD=1 \
  -Mdist/default/production/teste3.X.production.map -E1 -ver=XC8 \
  --acfsm=1493 -ASTACK=060h-07FFh -pstack=STACK -ACODE=00h-07FFFh \
  -ACONST=00h-07FFFh -ASMALLCONST=0800h-08FFhx120 \
  -AMEDIUMCONST=0800h-07FFFh -ACOMRAM=01h-05Fh -AABS1=00h-07FFh \
  -ABIGRAM=01h-07FFh -ARAM=060h-0FFh,0100h-01FFhx7 -ABANK0=060h-0FFh \
  -ABANK1=0100h-01FFh -ABANK2=0200h-02FFh -ABANK3=0300h-03FFh \
  -ABANK4=0400h-04FFh -ABANK5=0500h-05FFh -ABANK6=0600h-06FFh \
  -ABANK7=0700h-07FFh -ASFR=0F60h-0FFFh \
  -preset_vec=00h,intcode=08h,intcodelo,powerup,init -pramtop=0800h \
  -psmallconst=SMALLCONST -pmediumconst=MEDIUMCONST -pconst=CONST \
  -AFARRAM=00h-00h -ACONFIG=0300000h-030000Dh -pconfig=CONFIG \
  -AIDLOC=0200000h-0200007h -pidloc=IDLOC -AEEDATA=0F00000h-0F000FFh \
  -peeprom_data=EEDATA \
  -prdata=COMRAM,nvrram=COMRAM,nvbit=COMRAM,rbss=COMRAM,rbit=COMRAM \
  -pfarbss=FARRAM,fardata=FARRAM,nvFARRAM=FARRAM \
  -pintsave_regs=BIGRAM,bigbss=BIGRAM,bigdata=BIGRAM -pbss=RAM \
  -pidata=CODE,irdata=CODE,ibigdata=CODE,ifardata=CODE -prparam=COMRAM \
  C:\Users\utfprpg\AppData\Local\Temp\s5do.o \
  dist/default/production\teste3.X.production.o 

Object code version is 3.11

Machine type is 18F4550

Call graph: (short form)




                Name                               Link     Load   Length Selector   Space Scale
C:\Users\utfprpg\AppData\Local\Temp\s5do.o
                init                                  E        E        4        4       0
                reset_vec                             0        0        4        0       0
                idloc                            200000   200000        8   200000       0
                config                           300000   300000        E   300000       0
dist/default/production\teste3.X.production.o
                intcode                               8        8        6        4       0
                temp                                 40       40        1        1       1
                smallconst                          800      800       D6      400       0
                text26                             16AE     16AE       1C      46B       0
                text25                             10D0     10D0      190      46B       0
                intcode_body                       175E     175E       18      46B       0
                text23                             160A     160A       2C      46B       0
                text22                             178C     178C       10      46B       0
                text21                             15D6     15D6       34      46B       0
                text20                             1474     1474       7C      46B       0
                text19                             1776     1776       16      46B       0
                text18                             1690     1690       1E      46B       0
                text17                             1260     1260       C4      46B       0
                text16                             1746     1746       18      46B       0
                text15                             16E4     16E4       1A      46B       0
                text14                              8D6      8D6      386      46B       0
                text13                             16CA     16CA       1A      46B       0
                text12                             14F0     14F0       64      46B       0
                text11                             17AA     17AA        A      46B       0
                text10                             13D6     13D6       9E      46B       0
                text9                              172E     172E       18      46B       0
                text8                               EB4      EB4      21C      46B       0
                text7                              1324     1324       B2      46B       0
                text6                              1716     1716       18      46B       0
                text5                              1672     1672       1E      46B       0
                text4                              1654     1654       1E      46B       0
                text3                              1636     1636       1E      46B       0
                text2                              179C     179C        E      46B       0
                text1                               C5C      C5C      258      46B       0
                text0                              1554     1554       42      46B       0
                cstackCOMRAM                         19       19       15        1       1
                dataCOMRAM                            1        1       18        1       1
                bssCOMRAM                            31       31        F        1       1
                bitbssCOMRAM                        170       2E       12        1       1     8
                cinit                              1596     1596       40      46B       0
                idataCOMRAM                        16FE     16FE       18      46B       0

TOTAL           Name                               Link     Load   Length     Space
        CLASS   STACK          

        CLASS   CODE           
                intcode                               8        8        6         0
                init                                  E        E        4         0
                reset_vec                             0        0        4         0
                text26                             16AE     16AE       1C         0
                text25                             10D0     10D0      190         0
                intcode_body                       175E     175E       18         0
                text23                             160A     160A       2C         0
                text22                             178C     178C       10         0
                text21                             15D6     15D6       34         0
                text20                             1474     1474       7C         0
                text19                             1776     1776       16         0
                text18                             1690     1690       1E         0
                text17                             1260     1260       C4         0
                text16                             1746     1746       18         0
                text15                             16E4     16E4       1A         0
                text14                              8D6      8D6      386         0
                text13                             16CA     16CA       1A         0
                text12                             14F0     14F0       64         0
                text11                             17AA     17AA        A         0
                text10                             13D6     13D6       9E         0
                text9                              172E     172E       18         0
                text8                               EB4      EB4      21C         0
                text7                              1324     1324       B2         0
                text6                              1716     1716       18         0
                text5                              1672     1672       1E         0
                text4                              1654     1654       1E         0
                text3                              1636     1636       1E         0
                text2                              179C     179C        E         0
                text1                               C5C      C5C      258         0
                text0                              1554     1554       42         0
                cinit                              1596     1596       40         0
                idataCOMRAM                        16FE     16FE       18         0

        CLASS   CONST          

        CLASS   SMALLCONST     
                smallconst                          800      800       D6         0

        CLASS   MEDIUMCONST    

        CLASS   COMRAM         
                temp                                 40       40        1         1
                cstackCOMRAM                         19       19       15         1
                dataCOMRAM                            1        1       18         1
                bssCOMRAM                            31       31        F         1
                bitbssCOMRAM                        170       2E       12         1

        CLASS   ABS1           

        CLASS   BIGRAM         

        CLASS   RAM            

        CLASS   BANK0          

        CLASS   BANK1          

        CLASS   BANK2          

        CLASS   BANK3          

        CLASS   BANK4          

        CLASS   BANK5          

        CLASS   BANK6          

        CLASS   BANK7          

        CLASS   SFR            

        CLASS   FARRAM         

        CLASS   CONFIG         
                config                           300000   300000        E         0

        CLASS   IDLOC          
                idloc                            200000   200000        8         0

        CLASS   EEDATA         



SEGMENTS        Name                           Load    Length   Top    Selector   Space  Class

                reset_vec                      000000  000004  000004         0       0  CODE    
                dataCOMRAM                     000001  000040  000041         1       1  COMRAM  
                intcode                        000008  00000A  000012         4       0  CODE    
                smallconst                     000800  0000D6  0008D6       400       0  SMALLCON
                text14                         0008D6  000EDE  0017B4       46B       0  CODE    
                idloc                          200000  000008  200008    200000       0  IDLOC   
                config                         300000  00000E  30000E    300000       0  CONFIG  


UNUSED ADDRESS RANGES

        Name                Unused          Largest block    Delta
        BANK0            000060-0000FF               A0
        BANK1            000100-0001FF              100
        BANK2            000200-0002FF              100
        BANK3            000300-0003FF              100
        BANK4            000400-0004FF              100
        BANK5            000500-0005FF              100
        BANK6            000600-0006FF              100
        BANK7            000700-0007FF              100
        BIGRAM           000041-0007FF              7BF
        CODE             000004-000007                4
                         000012-0007FF              7EE
                         0017B4-007FFF             684C
        COMRAM           000041-00005F               1F
        CONST            000004-000007                4
                         000012-0007FF              7EE
                         0017B4-007FFF             684C
        EEDATA           F00000-F000FF              100
        MEDIUMCONST      0017B4-007FFF             684C
        RAM              000060-0007FF              100
        SFR              000F60-000FFF               A0
        SMALLCONST       0017B4-007FFF              100
        STACK            000060-0007FF              7A0

                                  Symbol Table

?___awdiv                     cstackCOMRAM 00001F
?_adc_read                    cstackCOMRAM 00001B
?_isr_AD                      cstackCOMRAM 00001D
_ADCON0bits                   (abs)        000FC2
_ADCON1                       (abs)        000FC1
_ADCON1bits                   (abs)        000FC1
_ADCON2bits                   (abs)        000FC0
_ADRESH                       (abs)        000FC4
_ADRESL                       (abs)        000FC3
_INTCON                       (abs)        000FF2
_INTCON2bits                  (abs)        000FF1
_INTCONbits                   (abs)        000FF2
_PIR1bits                     (abs)        000F9E
_PORTAbits                    (abs)        000F80
_PORTBbits                    (abs)        000F81
_PORTD                        (abs)        000F83
_PORTDbits                    (abs)        000F83
_PORTEbits                    (abs)        000F84
_T0CON                        (abs)        000FD5
_TMR0                         (abs)        000FD6
_TRISA                        (abs)        000F92
_TRISB                        (abs)        000F93
_TRISBbits                    (abs)        000F93
_TRISD                        (abs)        000F95
_TRISDbits                    (abs)        000F95
_TRISE                        (abs)        000F96
__CFG_BOR$ON                  (abs)        000000
__CFG_BORV$3                  (abs)        000000
__CFG_CCP2MX$ON               (abs)        000000
__CFG_CP0$OFF                 (abs)        000000
__CFG_CP1$OFF                 (abs)        000000
__CFG_CP2$OFF                 (abs)        000000
__CFG_CP3$OFF                 (abs)        000000
__CFG_CPB$OFF                 (abs)        000000
__CFG_CPD$OFF                 (abs)        000000
__CFG_CPUDIV$OSC1_PLL2        (abs)        000000
__CFG_EBTR0$OFF               (abs)        000000
__CFG_EBTR1$OFF               (abs)        000000
__CFG_EBTR2$OFF               (abs)        000000
__CFG_EBTR3$OFF               (abs)        000000
__CFG_EBTRB$OFF               (abs)        000000
__CFG_FCMEN$OFF               (abs)        000000
__CFG_FOSC$HS                 (abs)        000000
__CFG_ICPRT$OFF               (abs)        000000
__CFG_IESO$OFF                (abs)        000000
__CFG_LPT1OSC$OFF             (abs)        000000
__CFG_LVP$OFF                 (abs)        000000
__CFG_MCLRE$ON                (abs)        000000
__CFG_PBADEN$ON               (abs)        000000
__CFG_PLLDIV$1                (abs)        000000
__CFG_PWRT$ON                 (abs)        000000
__CFG_STVREN$ON               (abs)        000000
__CFG_USBDIV$1                (abs)        000000
__CFG_VREGEN$OFF              (abs)        000000
__CFG_WDT$OFF                 (abs)        000000
__CFG_WDTPS$32768             (abs)        000000
__CFG_WRT0$OFF                (abs)        000000
__CFG_WRT1$OFF                (abs)        000000
__CFG_WRT2$OFF                (abs)        000000
__CFG_WRT3$OFF                (abs)        000000
__CFG_WRTB$OFF                (abs)        000000
__CFG_WRTC$OFF                (abs)        000000
__CFG_WRTD$OFF                (abs)        000000
__CFG_XINST$OFF               (abs)        000000
__HRAM                        (abs)        000000
__Habs1                       abs1         000000
__Hbank0                      bank0        000000
__Hbank1                      bank1        000000
__Hbank2                      bank2        000000
__Hbank3                      bank3        000000
__Hbank4                      bank4        000000
__Hbank5                      bank5        000000
__Hbank6                      bank6        000000
__Hbank7                      bank7        000000
__Hbigbss                     bigbss       000000
__Hbigdata                    bigdata      000000
__Hbigram                     bigram       000000
__HbitbssCOMRAM               bitbssCOMRAM 000000
__Hbss                        bss          000000
__HbssCOMRAM                  bssCOMRAM    000000
__Hcinit                      cinit        000000
__Hclrtext                    clrtext      000000
__Hcomram                     comram       000000
__Hconfig                     config       30000E
__Hconst                      const        000000
__HcstackCOMRAM               cstackCOMRAM 000000
__Hdata                       data         000000
__HdataCOMRAM                 dataCOMRAM   000000
__Heeprom_data                eeprom_data  000000
__Hfarbss                     farbss       000000
__Hfardata                    fardata      000000
__Hibigdata                   ibigdata     000000
__Hidata                      idata        000000
__HidataCOMRAM                idataCOMRAM  000000
__Hidloc                      idloc        200008
__Hifardata                   ifardata     000000
__Hinit                       init         000012
__Hintcode                    intcode      00000E
__Hintcode_body               intcode_body 000000
__Hintcodelo                  intcodelo    00000E
__Hintentry                   intentry     000000
__Hintret                     intret       000000
__Hintsave_regs               intsave_regs 000000
__Hirdata                     irdata       000000
__Hmediumconst                mediumconst  000000
__HnvFARRAM                   nvFARRAM     000000
__Hnvbit                      nvbit        000000
__Hnvrram                     nvrram       000000
__Hparam                      rparam       000000
__Hpowerup                    powerup      00000E
__Hram                        ram          000000
__Hramtop                     ramtop       000800
__Hrbit                       rbit         000000
__Hrbss                       rbss         000000
__Hrdata                      rdata        000000
__Hreset_vec                  reset_vec    000004
__Hrparam                     rparam       000000
__Hsfr                        sfr          000000
__Hsmallconst                 smallconst   0008D6
__Hspace_0                    (abs)        30000E
__Hspace_1                    (abs)        000182
__Hspace_2                    (abs)        000000
__Hstack                      stack        000000
__Hstruct                     struct       000000
__Htemp                       temp         000041
__Htext                       text         000000
__Htext0                      text0        000000
__Htext1                      text1        000000
__Htext10                     text10       000000
__Htext11                     text11       000000
__Htext12                     text12       000000
__Htext13                     text13       000000
__Htext14                     text14       000000
__Htext15                     text15       000000
__Htext16                     text16       000000
__Htext17                     text17       000000
__Htext18                     text18       000000
__Htext19                     text19       000000
__Htext2                      text2        000000
__Htext20                     text20       000000
__Htext21                     text21       000000
__Htext22                     text22       000000
__Htext23                     text23       000000
__Htext25                     text25       000000
__Htext26                     text26       000000
__Htext3                      text3        000000
__Htext4                      text4        000000
__Htext5                      text5        000000
__Htext6                      text6        000000
__Htext7                      text7        000000
__Htext8                      text8        000000
__Htext9                      text9        000000
__LRAM                        (abs)        000001
__Labs1                       abs1         000000
__Lbank0                      bank0        000000
__Lbank1                      bank1        000000
__Lbank2                      bank2        000000
__Lbank3                      bank3        000000
__Lbank4                      bank4        000000
__Lbank5                      bank5        000000
__Lbank6                      bank6        000000
__Lbank7                      bank7        000000
__Lbigbss                     bigbss       000000
__Lbigdata                    bigdata      000000
__Lbigram                     bigram       000000
__LbitbssCOMRAM               bitbssCOMRAM 000000
__Lbss                        bss          000000
__LbssCOMRAM                  bssCOMRAM    000000
__Lcinit                      cinit        000000
__Lclrtext                    clrtext      000000
__Lcomram                     comram       000000
__Lconfig                     config       300000
__Lconst                      const        000000
__LcstackCOMRAM               cstackCOMRAM 000000
__Ldata                       data         000000
__LdataCOMRAM                 dataCOMRAM   000000
__Leeprom_data                eeprom_data  000000
__Lfarbss                     farbss       000000
__Lfardata                    fardata      000000
__Libigdata                   ibigdata     000000
__Lidata                      idata        000000
__LidataCOMRAM                idataCOMRAM  000000
__Lidloc                      idloc        200000
__Lifardata                   ifardata     000000
__Linit                       init         00000E
__Lintcode                    intcode      000008
__Lintcode_body               intcode_body 000000
__Lintcodelo                  intcodelo    00000E
__Lintentry                   intentry     000000
__Lintret                     intret       000000
__Lintsave_regs               intsave_regs 000000
__Lirdata                     irdata       000000
__Lmediumconst                mediumconst  000000
__LnvFARRAM                   nvFARRAM     000000
__Lnvbit                      nvbit        000000
__Lnvrram                     nvrram       000000
__Lparam                      rparam       000000
__Lpowerup                    powerup      00000E
__Lram                        ram          000000
__Lramtop                     ramtop       000800
__Lrbit                       rbit         000000
__Lrbss                       rbss         000000
__Lrdata                      rdata        000000
__Lreset_vec                  reset_vec    000000
__Lrparam                     rparam       000000
__Lsfr                        sfr          000000
__Lsmallconst                 smallconst   000800
__Lspace_0                    (abs)        000000
__Lspace_1                    (abs)        000000
__Lspace_2                    (abs)        000000
__Lstack                      stack        000000
__Lstruct                     struct       000000
__Ltemp                       temp         000040
__Ltext                       text         000000
__Ltext0                      text0        000000
__Ltext1                      text1        000000
__Ltext10                     text10       000000
__Ltext11                     text11       000000
__Ltext12                     text12       000000
__Ltext13                     text13       000000
__Ltext14                     text14       000000
__Ltext15                     text15       000000
__Ltext16                     text16       000000
__Ltext17                     text17       000000
__Ltext18                     text18       000000
__Ltext19                     text19       000000
__Ltext2                      text2        000000
__Ltext20                     text20       000000
__Ltext21                     text21       000000
__Ltext22                     text22       000000
__Ltext23                     text23       000000
__Ltext25                     text25       000000
__Ltext26                     text26       000000
__Ltext3                      text3        000000
__Ltext4                      text4        000000
__Ltext5                      text5        000000
__Ltext6                      text6        000000
__Ltext7                      text7        000000
__Ltext8                      text8        000000
__Ltext9                      text9        000000
__S0                          (abs)        30000E
__S1                          (abs)        000041
__S2                          (abs)        000000
___awdiv                      text17       001260
___awdiv@counter              cstackCOMRAM 000023
___awdiv@dividend             cstackCOMRAM 00001F
___awdiv@divisor              cstackCOMRAM 000021
___awdiv@quotient             cstackCOMRAM 000025
___awdiv@sign                 cstackCOMRAM 000024
___inthi_sp                   stack        000000
___intlo_sp                   stack        000000
___param_bank                 (abs)        000000
___rparam_used                (abs)        000001
___sp                         stack        000000
__accesstop                   (abs)        000060
__activetblptr                (abs)        000002
__end_of___awdiv              text17       001324
__end_of__initialization      cinit        0015C8
__end_of_adc_init             text23       001636
__end_of_adc_read             text16       00175E
__end_of_deadTime_isr         text26       0016CA
__end_of_init                 text18       0016AE
__end_of_init_lcd             text20       0014F0
__end_of_init_matrixKeyboard  text19       00178C
__end_of_isrH                 intcode_body 001776
__end_of_isr_AD               text15       0016FE
__end_of_isr_Timer0           text25       001260
__end_of_keyboardScan2        text14       000C5C
__end_of_keyboardScan3        text13       0016E4
__end_of_lcd_display3         text12       001554
__end_of_lcd_string           text10       001474
__end_of_lcd_write4           text21       00160A
__end_of_lcd_writeNibble      text22       00179C
__end_of_main                 text0        001596
__end_of_maqEstados           text1        000EB4
__end_of_maqTeste             text8        0010D0
__end_of_selecaoServos        text7        0013D6
__end_of_set_duty             text11       0017B4
__end_of_tela0                text9        001746
__end_of_tela1                text6        00172E
__end_of_tela2                text5        001690
__end_of_tela31               text4        001672
__end_of_tela32               text3        001654
__end_of_tela4                text2        0017AA
__initialization              cinit        001596
__mediumconst                 mediumconst  000000
__pbitbssCOMRAM               bitbssCOMRAM 000170
__pbssCOMRAM                  bssCOMRAM    000031
__pcinit                      cinit        001596
__pcstackCOMRAM               cstackCOMRAM 000019
__pdataCOMRAM                 dataCOMRAM   000001
__pidataCOMRAM                idataCOMRAM  0016FE
__pintcode                    intcode      000008
__pintcode_body               intcode_body 00175E
__psmallconst                 smallconst   000800
__ptext0                      text0        001554
__ptext1                      text1        000C5C
__ptext10                     text10       0013D6
__ptext11                     text11       0017AA
__ptext12                     text12       0014F0
__ptext13                     text13       0016CA
__ptext14                     text14       0008D6
__ptext15                     text15       0016E4
__ptext16                     text16       001746
__ptext17                     text17       001260
__ptext18                     text18       001690
__ptext19                     text19       001776
__ptext2                      text2        00179C
__ptext20                     text20       001474
__ptext21                     text21       0015D6
__ptext22                     text22       00178C
__ptext23                     text23       00160A
__ptext25                     text25       0010D0
__ptext26                     text26       0016AE
__ptext3                      text3        001636
__ptext4                      text4        001654
__ptext5                      text5        001672
__ptext6                      text6        001716
__ptext7                      text7        001324
__ptext8                      text8        000EB4
__ptext9                      text9        00172E
__ramtop                      ramtop       000800
__size_of___awdiv             (abs)        000000
__size_of_adc_init            (abs)        000000
__size_of_adc_read            (abs)        000000
__size_of_deadTime_isr        (abs)        000000
__size_of_init                (abs)        000000
__size_of_init_lcd            (abs)        000000
__size_of_init_matrixKeyboard (abs)        000000
__size_of_isrH                (abs)        000000
__size_of_isr_AD              (abs)        000000
__size_of_isr_Timer0          (abs)        000000
__size_of_keyboardScan2       (abs)        000000
__size_of_keyboardScan3       (abs)        000000
__size_of_lcd_display3        (abs)        000000
__size_of_lcd_string          (abs)        000000
__size_of_lcd_write4          (abs)        000000
__size_of_lcd_writeNibble     (abs)        000000
__size_of_main                (abs)        000000
__size_of_maqEstados          (abs)        000000
__size_of_maqTeste            (abs)        000000
__size_of_selecaoServos       (abs)        000000
__size_of_set_duty            (abs)        000000
__size_of_tela0               (abs)        000000
__size_of_tela1               (abs)        000000
__size_of_tela2               (abs)        000000
__size_of_tela31              (abs)        000000
__size_of_tela32              (abs)        000000
__size_of_tela4               (abs)        000000
__smallconst                  smallconst   000800
_adc_init                     text23       00160A
_adc_read                     text16       001746
_adcval                       bssCOMRAM    000035
_btal1c1                      bitbssCOMRAM 000181
_btal1c2                      bitbssCOMRAM 000180
_btal1c3                      bitbssCOMRAM 00017F
_btal1c4                      bitbssCOMRAM 00017E
_btal2c1                      bitbssCOMRAM 00017D
_btal2c2                      bitbssCOMRAM 00017C
_btal2c3                      bitbssCOMRAM 00017B
_btal2c4                      bitbssCOMRAM 00017A
_btal3c1                      bitbssCOMRAM 000179
_btal3c2                      bitbssCOMRAM 000178
_btal3c3                      bitbssCOMRAM 000177
_btal3c4                      bitbssCOMRAM 000176
_btal4c1                      bitbssCOMRAM 000175
_btal4c2                      bitbssCOMRAM 000174
_btal4c3                      bitbssCOMRAM 000173
_btal4c4                      bitbssCOMRAM 000172
_contDeadTime                 dataCOMRAM   000018
_deadTime_isr                 text26       0016AE
_duty1                        dataCOMRAM   00000D
_duty2                        dataCOMRAM   000009
_duty3                        dataCOMRAM   000005
_duty4                        dataCOMRAM   000001
_estado                       dataCOMRAM   000015
_flag                         bitbssCOMRAM 000170
_flagDeadTime                 bitbssCOMRAM 000171
_flamis                       bssCOMRAM    000031
_init                         text18       001690
_init_lcd                     text20       001474
_init_matrixKeyboard          text19       001776
_isrH                         intcode      000008
_isr_AD                       text15       0016E4
_isr_Timer0                   text25       0010D0
_keyboardScan2                text14       0008D6
_keyboardScan3                text13       0016CA
_lcd_display3                 text12       0014F0
_lcd_string                   text10       0013D6
_lcd_write4                   text21       0015D6
_lcd_writeNibble              text22       00178C
_main                         text0        001554
_maqEstados                   text1        000C5C
_maqTeste                     text8        000EB4
_pwm                          dataCOMRAM   000011
_retsak                       dataCOMRAM   000016
_selecao                      dataCOMRAM   000017
_selecaoServos                text7        001324
_set_duty                     text11       0017AA
_tecla                        bssCOMRAM    000037
_tela0                        text9        00172E
_tela1                        text6        001716
_tela2                        text5        001672
_tela31                       text4        001654
_tela32                       text3        001636
_tela4                        text2        00179C
adc_read@result               bssCOMRAM    000033
btemp                         temp         000040
end_of_initialization         cinit        0015C8
int$flags                     temp         000040
int_func                      intcode_body 00175E
intlevel0                     text         000000
intlevel1                     text         000000
intlevel2                     text         000000
intlevel3                     text         000000
isr_Timer0@cont               dataCOMRAM   000014
isr_Timer0@cont2              dataCOMRAM   000013
lcd_display3@cent             bssCOMRAM    00003F
lcd_display3@dez              bssCOMRAM    00003E
lcd_display3@un               bssCOMRAM    00003D
lcd_display3@val              cstackCOMRAM 00001E
lcd_display5@cent             bssCOMRAM    00003A
lcd_display5@dez              bssCOMRAM    000039
lcd_display5@dezmil           bssCOMRAM    00003C
lcd_display5@un               bssCOMRAM    000038
lcd_display5@unmil            bssCOMRAM    00003B
lcd_string@ch                 cstackCOMRAM 00001E
lcd_write4@_rs                cstackCOMRAM 00001C
lcd_write4@ch                 cstackCOMRAM 00001D
lcd_writeNibble@ch            cstackCOMRAM 00001B
maqEstados@adc                cstackCOMRAM 000029
maqEstados@val                cstackCOMRAM 00002B
maqTeste@val                  cstackCOMRAM 000024
selecaoServos@p               cstackCOMRAM 00001D
set_duty@val                  cstackCOMRAM 00001B
stackhi                       (abs)        0007FF
stacklo                       (abs)        000060
start                         init         00000E
start_initialization          cinit        001596
ttemp5                        temp         000041
ttemp6                        temp         000044
ttemp7                        temp         000048
wtemp8                        temp         000041


FUNCTION INFORMATION:

 *************** function _main *****************
 Defined at:
		line 368 in file "pwm.c"
 Parameters:    Size  Location     Type
		None
 Auto vars:     Size  Location     Type
		None
 Return value:  Size  Location     Type
                  1    wreg      void 
 Registers used:
		wreg, fsr2l, fsr2h, status,2, status,0, tblptrl, tblptrh, tblptru, prodl, prodh, cstack
 Tracked objects:
		On entry : 
		On exit  : 
		Unchanged: 
 Data sizes:     COMRAM   BANK0   BANK1   BANK2   BANK3   BANK4   BANK5   BANK6   BANK7
      Params:         0       0       0       0       0       0       0       0       0
      Locals:         0       0       0       0       0       0       0       0       0
      Temps:          2       0       0       0       0       0       0       0       0
      Totals:         2       0       0       0       0       0       0       0       0
Total ram usage:        2 bytes
 Hardware stack levels required when called:    9
 This function calls:
		_init
		_lcd_string
		_lcd_write4
		_maqEstados
		_tela0
 This function is called by:
		Startup code after reset
 This function uses a non-reentrant model


 *************** function _maqEstados *****************
 Defined at:
		line 151 in file "pwm.c"
 Parameters:    Size  Location     Type
		None
 Auto vars:     Size  Location     Type
  adc             2   16[COMRAM] int 
  val             1   18[COMRAM] unsigned char 
 Return value:  Size  Location     Type
                  1    wreg      void 
 Registers used:
		wreg, fsr2l, fsr2h, status,2, status,0, tblptrl, tblptrh, tblptru, prodl, prodh, cstack
 Tracked objects:
		On entry : 
		On exit  : 
		Unchanged: 
 Data sizes:     COMRAM   BANK0   BANK1   BANK2   BANK3   BANK4   BANK5   BANK6   BANK7
      Params:         0       0       0       0       0       0       0       0       0
      Locals:         3       0       0       0       0       0       0       0       0
      Temps:          2       0       0       0       0       0       0       0       0
      Totals:         5       0       0       0       0       0       0       0       0
Total ram usage:        5 bytes
 Hardware stack levels used:    1
 Hardware stack levels required when called:    8
 This function calls:
		___awdiv
		_isr_AD
		_keyboardScan3
		_maqTeste
		_selecaoServos
		_set_duty
		_tela0
		_tela1
		_tela2
		_tela31
		_tela32
		_tela4
 This function is called by:
		_main
 This function uses a non-reentrant model


 *************** function _tela4 *****************
 Defined at:
		line 276 in file "pwm.c"
 Parameters:    Size  Location     Type
		None
 Auto vars:     Size  Location     Type
		None
 Return value:  Size  Location     Type
                  1    wreg      void 
 Registers used:
		wreg, status,2, status,0, tblptrl, tblptrh, tblptru, cstack
 Tracked objects:
		On entry : 
		On exit  : 
		Unchanged: 
 Data sizes:     COMRAM   BANK0   BANK1   BANK2   BANK3   BANK4   BANK5   BANK6   BANK7
      Params:         0       0       0       0       0       0       0       0       0
      Locals:         0       0       0       0       0       0       0       0       0
      Temps:          0       0       0       0       0       0       0       0       0
      Totals:         0       0       0       0       0       0       0       0       0
Total ram usage:        0 bytes
 Hardware stack levels used:    1
 Hardware stack levels required when called:    6
 This function calls:
		_lcd_string
 This function is called by:
		_maqEstados
 This function uses a non-reentrant model


 *************** function _tela32 *****************
 Defined at:
		line 270 in file "pwm.c"
 Parameters:    Size  Location     Type
		None
 Auto vars:     Size  Location     Type
		None
 Return value:  Size  Location     Type
                  1    wreg      void 
 Registers used:
		wreg, status,2, status,0, tblptrl, tblptrh, tblptru, cstack
 Tracked objects:
		On entry : 
		On exit  : 
		Unchanged: 
 Data sizes:     COMRAM   BANK0   BANK1   BANK2   BANK3   BANK4   BANK5   BANK6   BANK7
      Params:         0       0       0       0       0       0       0       0       0
      Locals:         0       0       0       0       0       0       0       0       0
      Temps:          0       0       0       0       0       0       0       0       0
      Totals:         0       0       0       0       0       0       0       0       0
Total ram usage:        0 bytes
 Hardware stack levels used:    1
 Hardware stack levels required when called:    6
 This function calls:
		_lcd_display3
		_lcd_string
		_lcd_write4
 This function is called by:
		_maqEstados
 This function uses a non-reentrant model


 *************** function _tela31 *****************
 Defined at:
		line 264 in file "pwm.c"
 Parameters:    Size  Location     Type
		None
 Auto vars:     Size  Location     Type
		None
 Return value:  Size  Location     Type
                  1    wreg      void 
 Registers used:
		wreg, status,2, status,0, tblptrl, tblptrh, tblptru, cstack
 Tracked objects:
		On entry : 
		On exit  : 
		Unchanged: 
 Data sizes:     COMRAM   BANK0   BANK1   BANK2   BANK3   BANK4   BANK5   BANK6   BANK7
      Params:         0       0       0       0       0       0       0       0       0
      Locals:         0       0       0       0       0       0       0       0       0
      Temps:          0       0       0       0       0       0       0       0       0
      Totals:         0       0       0       0       0       0       0       0       0
Total ram usage:        0 bytes
 Hardware stack levels used:    1
 Hardware stack levels required when called:    6
 This function calls:
		_lcd_display3
		_lcd_string
		_lcd_write4
 This function is called by:
		_maqEstados
 This function uses a non-reentrant model


 *************** function _tela2 *****************
 Defined at:
		line 258 in file "pwm.c"
 Parameters:    Size  Location     Type
		None
 Auto vars:     Size  Location     Type
		None
 Return value:  Size  Location     Type
                  1    wreg      void 
 Registers used:
		wreg, status,2, status,0, tblptrl, tblptrh, tblptru, cstack
 Tracked objects:
		On entry : 
		On exit  : 
		Unchanged: 
 Data sizes:     COMRAM   BANK0   BANK1   BANK2   BANK3   BANK4   BANK5   BANK6   BANK7
      Params:         0       0       0       0       0       0       0       0       0
      Locals:         0       0       0       0       0       0       0       0       0
      Temps:          0       0       0       0       0       0       0       0       0
      Totals:         0       0       0       0       0       0       0       0       0
Total ram usage:        0 bytes
 Hardware stack levels used:    1
 Hardware stack levels required when called:    6
 This function calls:
		_lcd_display3
		_lcd_string
		_lcd_write4
 This function is called by:
		_maqEstados
 This function uses a non-reentrant model


 *************** function _tela1 *****************
 Defined at:
		line 253 in file "pwm.c"
 Parameters:    Size  Location     Type
		None
 Auto vars:     Size  Location     Type
		None
 Return value:  Size  Location     Type
                  1    wreg      void 
 Registers used:
		wreg, status,2, status,0, tblptrl, tblptrh, tblptru, cstack
 Tracked objects:
		On entry : 
		On exit  : 
		Unchanged: 
 Data sizes:     COMRAM   BANK0   BANK1   BANK2   BANK3   BANK4   BANK5   BANK6   BANK7
      Params:         0       0       0       0       0       0       0       0       0
      Locals:         0       0       0       0       0       0       0       0       0
      Temps:          0       0       0       0       0       0       0       0       0
      Totals:         0       0       0       0       0       0       0       0       0
Total ram usage:        0 bytes
 Hardware stack levels used:    1
 Hardware stack levels required when called:    6
 This function calls:
		_lcd_string
		_lcd_write4
 This function is called by:
		_maqEstados
 This function uses a non-reentrant model


 *************** function _selecaoServos *****************
 Defined at:
		line 69 in file "pwm.c"
 Parameters:    Size  Location     Type
  p               1    wreg     unsigned char 
 Auto vars:     Size  Location     Type
  p               1    4[COMRAM] unsigned char 
 Return value:  Size  Location     Type
                  1    wreg      void 
 Registers used:
		wreg, fsr2l, fsr2h, status,2, status,0, prodl, prodh
 Tracked objects:
		On entry : 
		On exit  : 
		Unchanged: 
 Data sizes:     COMRAM   BANK0   BANK1   BANK2   BANK3   BANK4   BANK5   BANK6   BANK7
      Params:         0       0       0       0       0       0       0       0       0
      Locals:         1       0       0       0       0       0       0       0       0
      Temps:          2       0       0       0       0       0       0       0       0
      Totals:         3       0       0       0       0       0       0       0       0
Total ram usage:        3 bytes
 Hardware stack levels used:    1
 Hardware stack levels required when called:    3
 This function calls:
		Nothing
 This function is called by:
		_maqEstados
 This function uses a non-reentrant model


 *************** function _maqTeste *****************
 Defined at:
		line 86 in file "pwm.c"
 Parameters:    Size  Location     Type
		None
 Auto vars:     Size  Location     Type
  val             1   11[COMRAM] unsigned char 
 Return value:  Size  Location     Type
                  1    wreg      void 
 Registers used:
		wreg, fsr2l, fsr2h, status,2, status,0, tblptrl, tblptrh, tblptru, cstack
 Tracked objects:
		On entry : 
		On exit  : 
		Unchanged: 
 Data sizes:     COMRAM   BANK0   BANK1   BANK2   BANK3   BANK4   BANK5   BANK6   BANK7
      Params:         0       0       0       0       0       0       0       0       0
      Locals:         1       0       0       0       0       0       0       0       0
      Temps:          2       0       0       0       0       0       0       0       0
      Totals:         3       0       0       0       0       0       0       0       0
Total ram usage:        3 bytes
 Hardware stack levels used:    1
 Hardware stack levels required when called:    7
 This function calls:
		_keyboardScan3
		_lcd_display3
		_lcd_write4
		_set_duty
		_tela0
 This function is called by:
		_maqEstados
 This function uses a non-reentrant model


 *************** function _tela0 *****************
 Defined at:
		line 248 in file "pwm.c"
 Parameters:    Size  Location     Type
		None
 Auto vars:     Size  Location     Type
		None
 Return value:  Size  Location     Type
                  1    wreg      void 
 Registers used:
		wreg, status,2, status,0, tblptrl, tblptrh, tblptru, cstack
 Tracked objects:
		On entry : 
		On exit  : 
		Unchanged: 
 Data sizes:     COMRAM   BANK0   BANK1   BANK2   BANK3   BANK4   BANK5   BANK6   BANK7
      Params:         0       0       0       0       0       0       0       0       0
      Locals:         0       0       0       0       0       0       0       0       0
      Temps:          0       0       0       0       0       0       0       0       0
      Totals:         0       0       0       0       0       0       0       0       0
Total ram usage:        0 bytes
 Hardware stack levels used:    1
 Hardware stack levels required when called:    6
 This function calls:
		_lcd_string
		_lcd_write4
 This function is called by:
		_maqTeste
		_maqEstados
		_main
 This function uses a non-reentrant model


 *************** function _lcd_string *****************
 Defined at:
		line 122 in file "./lib_lcd.h"
 Parameters:    Size  Location     Type
  ch              2    5[COMRAM] PTR const unsigned char 
		 -> STR_7(31), STR_6(28), STR_5(31), STR_4(31), 
		 -> STR_3(25), STR_2(32), STR_1(33), 
 Auto vars:     Size  Location     Type
		None
 Return value:  Size  Location     Type
                  1    wreg      void 
 Registers used:
		wreg, status,2, status,0, tblptrl, tblptrh, tblptru, cstack
 Tracked objects:
		On entry : 
		On exit  : 
		Unchanged: 
 Data sizes:     COMRAM   BANK0   BANK1   BANK2   BANK3   BANK4   BANK5   BANK6   BANK7
      Params:         2       0       0       0       0       0       0       0       0
      Locals:         0       0       0       0       0       0       0       0       0
      Temps:          2       0       0       0       0       0       0       0       0
      Totals:         4       0       0       0       0       0       0       0       0
Total ram usage:        4 bytes
 Hardware stack levels used:    1
 Hardware stack levels required when called:    5
 This function calls:
		_lcd_write4
 This function is called by:
		_tela0
		_tela1
		_tela2
		_tela31
		_tela32
		_tela4
		_main
 This function uses a non-reentrant model


 *************** function _set_duty *****************
 Defined at:
		line 65 in file "pwm.c"
 Parameters:    Size  Location     Type
  val             2    2[COMRAM] int 
 Auto vars:     Size  Location     Type
		None
 Return value:  Size  Location     Type
                  1    wreg      void 
 Registers used:
		None
 Tracked objects:
		On entry : 
		On exit  : 
		Unchanged: 
 Data sizes:     COMRAM   BANK0   BANK1   BANK2   BANK3   BANK4   BANK5   BANK6   BANK7
      Params:         2       0       0       0       0       0       0       0       0
      Locals:         0       0       0       0       0       0       0       0       0
      Temps:          0       0       0       0       0       0       0       0       0
      Totals:         2       0       0       0       0       0       0       0       0
Total ram usage:        2 bytes
 Hardware stack levels used:    1
 Hardware stack levels required when called:    3
 This function calls:
		Nothing
 This function is called by:
		_maqTeste
		_maqEstados
 This function uses a non-reentrant model


 *************** function _lcd_display3 *****************
 Defined at:
		line 148 in file "./lib_lcd.h"
 Parameters:    Size  Location     Type
  val             1    wreg     unsigned char 
 Auto vars:     Size  Location     Type
  val             1    5[COMRAM] unsigned char 
 Return value:  Size  Location     Type
                  1    wreg      void 
 Registers used:
		wreg, status,2, status,0, cstack
 Tracked objects:
		On entry : 
		On exit  : 
		Unchanged: 
 Data sizes:     COMRAM   BANK0   BANK1   BANK2   BANK3   BANK4   BANK5   BANK6   BANK7
      Params:         0       0       0       0       0       0       0       0       0
      Locals:         1       0       0       0       0       0       0       0       0
      Temps:          0       0       0       0       0       0       0       0       0
      Totals:         1       0       0       0       0       0       0       0       0
Total ram usage:        1 bytes
 Hardware stack levels used:    1
 Hardware stack levels required when called:    5
 This function calls:
		_lcd_write4
 This function is called by:
		_maqTeste
		_tela2
		_tela31
		_tela32
 This function uses a non-reentrant model


 *************** function _keyboardScan3 *****************
 Defined at:
		line 391 in file "./lib_tecladoMatricial.h"
 Parameters:    Size  Location     Type
		None
 Auto vars:     Size  Location     Type
		None
 Return value:  Size  Location     Type
                  1    wreg      unsigned char 
 Registers used:
		wreg, status,2, cstack
 Tracked objects:
		On entry : 
		On exit  : 
		Unchanged: 
 Data sizes:     COMRAM   BANK0   BANK1   BANK2   BANK3   BANK4   BANK5   BANK6   BANK7
      Params:         0       0       0       0       0       0       0       0       0
      Locals:         0       0       0       0       0       0       0       0       0
      Temps:          0       0       0       0       0       0       0       0       0
      Totals:         0       0       0       0       0       0       0       0       0
Total ram usage:        0 bytes
 Hardware stack levels used:    1
 Hardware stack levels required when called:    4
 This function calls:
		_keyboardScan2
 This function is called by:
		_maqTeste
		_maqEstados
 This function uses a non-reentrant model


 *************** function _keyboardScan2 *****************
 Defined at:
		line 304 in file "./lib_tecladoMatricial.h"
 Parameters:    Size  Location     Type
		None
 Auto vars:     Size  Location     Type
		None
 Return value:  Size  Location     Type
                  1    wreg      unsigned char 
 Registers used:
		wreg, status,2
 Tracked objects:
		On entry : 
		On exit  : 
		Unchanged: 
 Data sizes:     COMRAM   BANK0   BANK1   BANK2   BANK3   BANK4   BANK5   BANK6   BANK7
      Params:         0       0       0       0       0       0       0       0       0
      Locals:         0       0       0       0       0       0       0       0       0
      Temps:          1       0       0       0       0       0       0       0       0
      Totals:         1       0       0       0       0       0       0       0       0
Total ram usage:        1 bytes
 Hardware stack levels used:    1
 Hardware stack levels required when called:    3
 This function calls:
		Nothing
 This function is called by:
		_keyboardScan3
 This function uses a non-reentrant model


 *************** function _isr_AD *****************
 Defined at:
		line 63 in file "./lib_adc.h"
 Parameters:    Size  Location     Type
		None
 Auto vars:     Size  Location     Type
		None
 Return value:  Size  Location     Type
                  2    4[COMRAM] int 
 Registers used:
		wreg, status,2, status,0, cstack
 Tracked objects:
		On entry : 
		On exit  : 
		Unchanged: 
 Data sizes:     COMRAM   BANK0   BANK1   BANK2   BANK3   BANK4   BANK5   BANK6   BANK7
      Params:         2       0       0       0       0       0       0       0       0
      Locals:         0       0       0       0       0       0       0       0       0
      Temps:          0       0       0       0       0       0       0       0       0
      Totals:         2       0       0       0       0       0       0       0       0
Total ram usage:        2 bytes
 Hardware stack levels used:    1
 Hardware stack levels required when called:    4
 This function calls:
		_adc_read
 This function is called by:
		_maqEstados
 This function uses a non-reentrant model


 *************** function _adc_read *****************
 Defined at:
		line 50 in file "./lib_adc.h"
 Parameters:    Size  Location     Type
		None
 Auto vars:     Size  Location     Type
		None
 Return value:  Size  Location     Type
                  2    2[COMRAM] int 
 Registers used:
		wreg, status,2, status,0
 Tracked objects:
		On entry : 
		On exit  : 
		Unchanged: 
 Data sizes:     COMRAM   BANK0   BANK1   BANK2   BANK3   BANK4   BANK5   BANK6   BANK7
      Params:         2       0       0       0       0       0       0       0       0
      Locals:         0       0       0       0       0       0       0       0       0
      Temps:          0       0       0       0       0       0       0       0       0
      Totals:         2       0       0       0       0       0       0       0       0
Total ram usage:        2 bytes
 Hardware stack levels used:    1
 Hardware stack levels required when called:    3
 This function calls:
		Nothing
 This function is called by:
		_isr_AD
		_adc_conversion
 This function uses a non-reentrant model


 *************** function ___awdiv *****************
 Defined at:
		line 7 in file "C:\Program Files (x86)\Microchip\xc8\v2.10\pic\sources\c99\common\awdiv.c"
 Parameters:    Size  Location     Type
  dividend        2    6[COMRAM] int 
  divisor         2    8[COMRAM] int 
 Auto vars:     Size  Location     Type
  quotient        2   12[COMRAM] int 
  sign            1   11[COMRAM] unsigned char 
  counter         1   10[COMRAM] unsigned char 
 Return value:  Size  Location     Type
                  2    6[COMRAM] int 
 Registers used:
		wreg, status,2, status,0
 Tracked objects:
		On entry : 
		On exit  : 
		Unchanged: 
 Data sizes:     COMRAM   BANK0   BANK1   BANK2   BANK3   BANK4   BANK5   BANK6   BANK7
      Params:         4       0       0       0       0       0       0       0       0
      Locals:         4       0       0       0       0       0       0       0       0
      Temps:          0       0       0       0       0       0       0       0       0
      Totals:         8       0       0       0       0       0       0       0       0
Total ram usage:        8 bytes
 Hardware stack levels used:    1
 Hardware stack levels required when called:    3
 This function calls:
		Nothing
 This function is called by:
		_maqEstados
 This function uses a non-reentrant model


 *************** function _init *****************
 Defined at:
		line 53 in file "pwm.c"
 Parameters:    Size  Location     Type
		None
 Auto vars:     Size  Location     Type
		None
 Return value:  Size  Location     Type
                  1    wreg      void 
 Registers used:
		wreg, status,2, status,0, cstack
 Tracked objects:
		On entry : 
		On exit  : 
		Unchanged: 
 Data sizes:     COMRAM   BANK0   BANK1   BANK2   BANK3   BANK4   BANK5   BANK6   BANK7
      Params:         0       0       0       0       0       0       0       0       0
      Locals:         0       0       0       0       0       0       0       0       0
      Temps:          0       0       0       0       0       0       0       0       0
      Totals:         0       0       0       0       0       0       0       0       0
Total ram usage:        0 bytes
 Hardware stack levels used:    1
 Hardware stack levels required when called:    6
 This function calls:
		_adc_init
		_init_lcd
		_init_matrixKeyboard
 This function is called by:
		_main
 This function uses a non-reentrant model


 *************** function _init_matrixKeyboard *****************
 Defined at:
		line 37 in file "./lib_tecladoMatricial.h"
 Parameters:    Size  Location     Type
		None
 Auto vars:     Size  Location     Type
		None
 Return value:  Size  Location     Type
                  1    wreg      void 
 Registers used:
		wreg, status,2
 Tracked objects:
		On entry : 
		On exit  : 
		Unchanged: 
 Data sizes:     COMRAM   BANK0   BANK1   BANK2   BANK3   BANK4   BANK5   BANK6   BANK7
      Params:         0       0       0       0       0       0       0       0       0
      Locals:         0       0       0       0       0       0       0       0       0
      Temps:          0       0       0       0       0       0       0       0       0
      Totals:         0       0       0       0       0       0       0       0       0
Total ram usage:        0 bytes
 Hardware stack levels used:    1
 Hardware stack levels required when called:    3
 This function calls:
		Nothing
 This function is called by:
		_init
 This function uses a non-reentrant model


 *************** function _init_lcd *****************
 Defined at:
		line 84 in file "./lib_lcd.h"
 Parameters:    Size  Location     Type
		None
 Auto vars:     Size  Location     Type
		None
 Return value:  Size  Location     Type
                  1    wreg      void 
 Registers used:
		wreg, status,2, status,0, cstack
 Tracked objects:
		On entry : 
		On exit  : 
		Unchanged: 
 Data sizes:     COMRAM   BANK0   BANK1   BANK2   BANK3   BANK4   BANK5   BANK6   BANK7
      Params:         0       0       0       0       0       0       0       0       0
      Locals:         0       0       0       0       0       0       0       0       0
      Temps:          1       0       0       0       0       0       0       0       0
      Totals:         1       0       0       0       0       0       0       0       0
Total ram usage:        1 bytes
 Hardware stack levels used:    1
 Hardware stack levels required when called:    5
 This function calls:
		_lcd_write4
		_lcd_writeNibble
 This function is called by:
		_init
 This function uses a non-reentrant model


 *************** function _lcd_write4 *****************
 Defined at:
		line 61 in file "./lib_lcd.h"
 Parameters:    Size  Location     Type
  ch              1    wreg     unsigned char 
  _rs             1    3[COMRAM] unsigned char 
 Auto vars:     Size  Location     Type
  ch              1    4[COMRAM] unsigned char 
 Return value:  Size  Location     Type
                  1    wreg      void 
 Registers used:
		wreg, status,2, status,0, cstack
 Tracked objects:
		On entry : 
		On exit  : 
		Unchanged: 
 Data sizes:     COMRAM   BANK0   BANK1   BANK2   BANK3   BANK4   BANK5   BANK6   BANK7
      Params:         1       0       0       0       0       0       0       0       0
      Locals:         1       0       0       0       0       0       0       0       0
      Temps:          0       0       0       0       0       0       0       0       0
      Totals:         2       0       0       0       0       0       0       0       0
Total ram usage:        2 bytes
 Hardware stack levels used:    1
 Hardware stack levels required when called:    4
 This function calls:
		_lcd_writeNibble
 This function is called by:
		_init_lcd
		_lcd_string
		_lcd_display3
		_maqTeste
		_tela0
		_tela1
		_tela2
		_tela31
		_tela32
		_main
		_lcd_coord
		_lcd_display5
 This function uses a non-reentrant model


 *************** function _lcd_writeNibble *****************
 Defined at:
		line 50 in file "./lib_lcd.h"
 Parameters:    Size  Location     Type
  ch              1    wreg     unsigned char 
 Auto vars:     Size  Location     Type
  ch              1    2[COMRAM] unsigned char 
 Return value:  Size  Location     Type
                  1    wreg      void 
 Registers used:
		wreg
 Tracked objects:
		On entry : 
		On exit  : 
		Unchanged: 
 Data sizes:     COMRAM   BANK0   BANK1   BANK2   BANK3   BANK4   BANK5   BANK6   BANK7
      Params:         0       0       0       0       0       0       0       0       0
      Locals:         1       0       0       0       0       0       0       0       0
      Temps:          0       0       0       0       0       0       0       0       0
      Totals:         1       0       0       0       0       0       0       0       0
Total ram usage:        1 bytes
 Hardware stack levels used:    1
 Hardware stack levels required when called:    3
 This function calls:
		Nothing
 This function is called by:
		_lcd_write4
		_init_lcd
 This function uses a non-reentrant model


 *************** function _adc_init *****************
 Defined at:
		line 15 in file "./lib_adc.h"
 Parameters:    Size  Location     Type
		None
 Auto vars:     Size  Location     Type
		None
 Return value:  Size  Location     Type
                  1    wreg      void 
 Registers used:
		wreg, status,2
 Tracked objects:
		On entry : 
		On exit  : 
		Unchanged: 
 Data sizes:     COMRAM   BANK0   BANK1   BANK2   BANK3   BANK4   BANK5   BANK6   BANK7
      Params:         0       0       0       0       0       0       0       0       0
      Locals:         0       0       0       0       0       0       0       0       0
      Temps:          0       0       0       0       0       0       0       0       0
      Totals:         0       0       0       0       0       0       0       0       0
Total ram usage:        0 bytes
 Hardware stack levels used:    1
 Hardware stack levels required when called:    3
 This function calls:
		Nothing
 This function is called by:
		_init
 This function uses a non-reentrant model


 *************** function _isrH *****************
 Defined at:
		line 280 in file "pwm.c"
 Parameters:    Size  Location     Type
		None
 Auto vars:     Size  Location     Type
		None
 Return value:  Size  Location     Type
                  1    wreg      void 
 Registers used:
		wreg, status,2, status,0, cstack
 Tracked objects:
		On entry : 
		On exit  : 
		Unchanged: 
 Data sizes:     COMRAM   BANK0   BANK1   BANK2   BANK3   BANK4   BANK5   BANK6   BANK7
      Params:         0       0       0       0       0       0       0       0       0
      Locals:         0       0       0       0       0       0       0       0       0
      Temps:          0       0       0       0       0       0       0       0       0
      Totals:         0       0       0       0       0       0       0       0       0
Total ram usage:        0 bytes
 Hardware stack levels used:    1
 Hardware stack levels required when called:    2
 This function calls:
		_isr_Timer0
 This function is called by:
		Interrupt level 2
 This function uses a non-reentrant model


 *************** function _isr_Timer0 *****************
 Defined at:
		line 284 in file "pwm.c"
 Parameters:    Size  Location     Type
		None
 Auto vars:     Size  Location     Type
		None
 Return value:  Size  Location     Type
                  1    wreg      void 
 Registers used:
		wreg, status,2, status,0, cstack
 Tracked objects:
		On entry : 
		On exit  : 
		Unchanged: 
 Data sizes:     COMRAM   BANK0   BANK1   BANK2   BANK3   BANK4   BANK5   BANK6   BANK7
      Params:         0       0       0       0       0       0       0       0       0
      Locals:         0       0       0       0       0       0       0       0       0
      Temps:          2       0       0       0       0       0       0       0       0
      Totals:         2       0       0       0       0       0       0       0       0
Total ram usage:        2 bytes
 Hardware stack levels used:    1
 Hardware stack levels required when called:    1
 This function calls:
		_deadTime_isr
 This function is called by:
		_isrH
 This function uses a non-reentrant model


 *************** function _deadTime_isr *****************
 Defined at:
		line 80 in file "./lib_tecladoMatricial.h"
 Parameters:    Size  Location     Type
		None
 Auto vars:     Size  Location     Type
		None
 Return value:  Size  Location     Type
                  1    wreg      void 
 Registers used:
		wreg, status,2
 Tracked objects:
		On entry : 
		On exit  : 
		Unchanged: 
 Data sizes:     COMRAM   BANK0   BANK1   BANK2   BANK3   BANK4   BANK5   BANK6   BANK7
      Params:         0       0       0       0       0       0       0       0       0
      Locals:         0       0       0       0       0       0       0       0       0
      Temps:          0       0       0       0       0       0       0       0       0
      Totals:         0       0       0       0       0       0       0       0       0
Total ram usage:        0 bytes
 Hardware stack levels used:    1
 This function calls:
		Nothing
 This function is called by:
		_isr_Timer0
 This function uses a non-reentrant model



MODULE INFORMATION

Module		Function		Class		Link	Load	Size
C:\Program Files (x86)\Microchip\xc8\v2.10\pic\sources\c99\common\awdiv.c
		___awdiv       		CODE           	1260	0000	197

C:\Program Files (x86)\Microchip\xc8\v2.10\pic\sources\c99\common\awdiv.c estimated size: 197

pwm.c
		_init          		CODE           	1690	0000	31
		_tela2         		CODE           	1672	0000	31
		_tela31        		CODE           	1654	0000	31
		_maqTeste      		CODE           	0EB4	0000	541
		_main          		CODE           	1554	0000	67
		_isr_Timer0    		CODE           	10D0	0000	401
		_tela4         		CODE           	179C	0000	15
		_tela32        		CODE           	1636	0000	31
		_maqEstados    		CODE           	0C5C	0000	601
		_selecaoServos 		CODE           	1324	0000	179
		_tela0         		CODE           	172E	0000	25
		_isrH          		CODE           	0008	0000	31
		_set_duty      		CODE           	17AA	0000	11
		_tela1         		CODE           	1716	0000	25

pwm.c estimated size: 2020

./lib_tecladoMatricial.h
		_keyboardScan2 		CODE           	08D6	0000	903
		_keyboardScan3 		CODE           	16CA	0000	27
		_init_matrixKeyboard		CODE           	1776	0000	23
		_deadTime_isr  		CODE           	16AE	0000	29

./lib_tecladoMatricial.h estimated size: 982

shared
		__initialization		CODE           	1596	0000	51

shared estimated size: 51

./lib_adc.h
		_isr_AD        		CODE           	16E4	0000	27
		_adc_read      		CODE           	1746	0000	25
		_adc_init      		CODE           	160A	0000	45

./lib_adc.h estimated size: 97

./lib_lcd.h
		_lcd_writeNibble		CODE           	178C	0000	17
		_lcd_display3  		CODE           	14F0	0000	101
		_init_lcd      		CODE           	1474	0000	125
		_lcd_write4    		CODE           	15D6	0000	53
		_lcd_string    		CODE           	13D6	0000	159

./lib_lcd.h estimated size: 455

